GAMS 28.2.0  r750fa45 Released Aug 19, 2019 DEX-DEG x86 64bit/Mac OS X - 11/11/19 08:43:11 Page 1
Colorado Model
C o m p i l a t i o n


   2   
   3  Sets
   4      i   plants  / Denver, Pueblo, Weld /
   5      j markets   / Denver, Golden, Boulder /
   6      e energy    / Solar, Gas, Wind /
   7      ;
   8   
   9  Parameters
  10   
  11   Table c(e,i)  cost of energy type e at plant i:
  12               Denver    Pueblo    Weld
  13  Gas          3.34      3.16     3.48
  14  Solar        5         4.9      4.7
  15  Wind         3.237    4.235    3.962 ;
  16   
  17   Table p(e,i)  price of energy type e at plant i:
  18               Denver    Pueblo    Weld
  19  Gas          13.4      13.3     13.1
  20  Solar        6.95      6.5       6.2
  21  Wind         3.5607    4.6585   4.3582 ;
  22   
  23   Table d(j,i)  distance in miles:
  24               Denver    Pueblo    Weld
  25  Golden       36.8        128     65.6
  26  Boulder      39.9        147     55
  27  Denver        0          119     51.2 ;
  28   
  29   Table cap(e,i)  capacity of energy type e at plant i:
  30               Denver    Pueblo  Weld
  31  Gas          178       300     126
  32  Solar        197       237     284
  33  Wind         339       266     299 ;
  34   
  35   Table dem(e,j)  demand of energy type e at market j:
  36               Denver    Golden  Boulder
  37  Gas          169       290     111
  38  Solar        180       121     218
  39  Wind         297       181     230 ;
  40   
  41  Scalar f transmission cost in cents /0.04/ ;
  42   
  43  Parameter tc(j,i) transmission cost;
  44      tc(j,i) = f *d(j,i) ;
  45   
  46  Positive Variable x
  47   
  48  Variables
  49      x(e,i,j) type of energy and quantity of power transmitted in MWh
  50      y      total transmission cost
  51      z      objective function value
  52  ;
  53   
  54   
  55  Equations
  56      cost
  57      supply(e,i) limit of energy e at plant i
  58      demand(e,j) demand of energy e at market j ;
  59   
  60  cost .. y =e= sum((e,i,j), tc(j,i)*x(e,i,j)) ;
  61  supply(e,i) .. sum(j, x(e,i,j)) =l= cap(e,i) ;
  62  demand(e,j) .. sum(i, x(e,i,j)) =g= dem(e,j) ;
  63   
  64  Model counterfactual /all/ ;
  65  Solve counterfactual using lp minimizing y ;
  66  Display x.l, x.m, demand.m


COMPILATION TIME     =        0.001 SECONDS      3 MB  28.2.0 r750fa45 DEX-DEG
GAMS 28.2.0  r750fa45 Released Aug 19, 2019 DEX-DEG x86 64bit/Mac OS X - 11/11/19 08:43:11 Page 2
Colorado Model
Equation Listing    SOLVE counterfactual Using LP From line 65


---- cost  =E=  

cost..  - 1.472*x(Solar,Denver,Golden) - 1.596*x(Solar,Denver,Boulder) - 4.76*x(Solar,Pueblo,Denver) - 5.12*x(Solar,Pueblo,Golden) - 5.88*x(Solar,Pueblo,Boulder) - 2.048*x(Solar,Weld,Denver) - 2.624*x(Solar,Weld,Golden) - 2.2*x(Solar,Weld,Boulder)
     
      - 1.472*x(Gas,Denver,Golden) - 1.596*x(Gas,Denver,Boulder) - 4.76*x(Gas,Pueblo,Denver) - 5.12*x(Gas,Pueblo,Golden) - 5.88*x(Gas,Pueblo,Boulder) - 2.048*x(Gas,Weld,Denver) - 2.624*x(Gas,Weld,Golden) - 2.2*x(Gas,Weld,Boulder)
     
      - 1.472*x(Wind,Denver,Golden) - 1.596*x(Wind,Denver,Boulder) - 4.76*x(Wind,Pueblo,Denver) - 5.12*x(Wind,Pueblo,Golden) - 5.88*x(Wind,Pueblo,Boulder) - 2.048*x(Wind,Weld,Denver) - 2.624*x(Wind,Weld,Golden) - 2.2*x(Wind,Weld,Boulder) + y =E= 0 ;
     
      (LHS = 0)
     

---- supply  =L=  limit of energy e at plant i

supply(Solar,Denver)..  x(Solar,Denver,Denver) + x(Solar,Denver,Golden) + x(Solar,Denver,Boulder) =L= 197 ; (LHS = 0)
     
supply(Solar,Pueblo)..  x(Solar,Pueblo,Denver) + x(Solar,Pueblo,Golden) + x(Solar,Pueblo,Boulder) =L= 237 ; (LHS = 0)
     
supply(Solar,Weld)..  x(Solar,Weld,Denver) + x(Solar,Weld,Golden) + x(Solar,Weld,Boulder) =L= 284 ; (LHS = 0)
     
REMAINING 6 ENTRIES SKIPPED


---- demand  =G=  demand of energy e at market j

demand(Solar,Denver)..  x(Solar,Denver,Denver) + x(Solar,Pueblo,Denver) + x(Solar,Weld,Denver) =G= 180 ; (LHS = 0, INFES = 180 ****)
     
demand(Solar,Golden)..  x(Solar,Denver,Golden) + x(Solar,Pueblo,Golden) + x(Solar,Weld,Golden) =G= 121 ; (LHS = 0, INFES = 121 ****)
     
demand(Solar,Boulder)..  x(Solar,Denver,Boulder) + x(Solar,Pueblo,Boulder) + x(Solar,Weld,Boulder) =G= 218 ; (LHS = 0, INFES = 218 ****)
     
REMAINING 6 ENTRIES SKIPPED

GAMS 28.2.0  r750fa45 Released Aug 19, 2019 DEX-DEG x86 64bit/Mac OS X - 11/11/19 08:43:11 Page 3
Colorado Model
Column Listing      SOLVE counterfactual Using LP From line 65


---- x  type of energy and quantity of power transmitted in MWh

x(Solar,Denver,Denver)
                (.LO, .L, .UP, .M = 0, 0, +INF, 0)
        1       supply(Solar,Denver)
        1       demand(Solar,Denver)

x(Solar,Denver,Golden)
                (.LO, .L, .UP, .M = 0, 0, +INF, 0)
       -1.472   cost
        1       supply(Solar,Denver)
        1       demand(Solar,Golden)

x(Solar,Denver,Boulder)
                (.LO, .L, .UP, .M = 0, 0, +INF, 0)
       -1.596   cost
        1       supply(Solar,Denver)
        1       demand(Solar,Boulder)

REMAINING 24 ENTRIES SKIPPED

---- y  total transmission cost

y
                (.LO, .L, .UP, .M = -INF, 0, +INF, 0)
        1       cost

GAMS 28.2.0  r750fa45 Released Aug 19, 2019 DEX-DEG x86 64bit/Mac OS X - 11/11/19 08:43:11 Page 4
Colorado Model
Model Statistics    SOLVE counterfactual Using LP From line 65


MODEL STATISTICS

BLOCKS OF EQUATIONS           3     SINGLE EQUATIONS           19
BLOCKS OF VARIABLES           2     SINGLE VARIABLES           28
NON ZERO ELEMENTS            79


GENERATION TIME      =        0.052 SECONDS      4 MB  28.2.0 r750fa45 DEX-DEG


EXECUTION TIME       =        0.052 SECONDS      4 MB  28.2.0 r750fa45 DEX-DEG
GAMS 28.2.0  r750fa45 Released Aug 19, 2019 DEX-DEG x86 64bit/Mac OS X - 11/11/19 08:43:11 Page 5
Colorado Model
Solution Report     SOLVE counterfactual Using LP From line 65


               S O L V E      S U M M A R Y

     MODEL   counterfactual      OBJECTIVE  y
     TYPE    LP                  DIRECTION  MINIMIZE
     SOLVER  CPLEX               FROM LINE  65

**** SOLVER STATUS     1 Normal Completion         
**** MODEL STATUS      1 Optimal                   
**** OBJECTIVE VALUE             3638.3760

 RESOURCE USAGE, LIMIT          0.011      1000.000
 ITERATION COUNT, LIMIT        14    2000000000

IBM ILOG CPLEX   28.2.0 r750fa45 Released Aug 19, 2019 DEG x86 64bit/Mac OS X 
Cplex 12.9.0.0

Space for names approximately 0.00 Mb
Use option 'names no' to turn use of names off
LP status(1): optimal
Cplex Time: 0.00sec (det. 0.05 ticks)
Optimal solution found.
Objective :        3638.376000


                           LOWER          LEVEL          UPPER         MARGINAL

---- EQU cost                .              .              .             1.0000      

---- EQU supply  limit of energy e at plant i

                    LOWER          LEVEL          UPPER         MARGINAL

Solar.Denver        -INF          197.0000       197.0000        -3.6480      
Solar.Pueblo        -INF           38.0000       237.0000          .          
Solar.Weld          -INF          284.0000       284.0000        -2.4960      
Gas  .Denver        -INF          178.0000       178.0000        -3.6480      
Gas  .Pueblo        -INF          266.0000       300.0000          .          
Gas  .Weld          -INF          126.0000       126.0000        -2.4960      
Wind .Denver        -INF          339.0000       339.0000        -3.6480      
Wind .Pueblo        -INF           70.0000       266.0000          .          
Wind .Weld          -INF          299.0000       299.0000        -2.4960      

---- EQU demand  demand of energy e at market j

                     LOWER          LEVEL          UPPER         MARGINAL

Solar.Denver        180.0000       180.0000        +INF            3.6480      
Solar.Golden        121.0000       121.0000        +INF            5.1200      
Solar.Boulder       218.0000       218.0000        +INF            4.6960      
Gas  .Denver        169.0000       169.0000        +INF            3.6480      
Gas  .Golden        290.0000       290.0000        +INF            5.1200      
Gas  .Boulder       111.0000       111.0000        +INF            4.6960      
Wind .Denver        297.0000       297.0000        +INF            3.6480      
Wind .Golden        181.0000       181.0000        +INF            5.1200      
Wind .Boulder       230.0000       230.0000        +INF            4.6960      

---- VAR x  type of energy and quantity of power transmitted in MWh

                            LOWER          LEVEL          UPPER         MARGINAL

Solar.Denver.Denver           .           180.0000        +INF             .          
Solar.Denver.Golden           .            17.0000        +INF             .          
Solar.Denver.Boulder          .              .            +INF            0.5480      
Solar.Pueblo.Denver           .              .            +INF            1.1120      
Solar.Pueblo.Golden           .            38.0000        +INF             .          
Solar.Pueblo.Boulder          .              .            +INF            1.1840      
Solar.Weld  .Denver           .              .            +INF            0.8960      
Solar.Weld  .Golden           .            66.0000        +INF             .          
Solar.Weld  .Boulder          .           218.0000        +INF             .          
Gas  .Denver.Denver           .           169.0000        +INF             .          
Gas  .Denver.Golden           .             9.0000        +INF             .          
Gas  .Denver.Boulder          .              .            +INF            0.5480      
Gas  .Pueblo.Denver           .              .            +INF            1.1120      
Gas  .Pueblo.Golden           .           266.0000        +INF             .          
Gas  .Pueblo.Boulder          .              .            +INF            1.1840      
Gas  .Weld  .Denver           .              .            +INF            0.8960      
Gas  .Weld  .Golden           .            15.0000        +INF             .          
Gas  .Weld  .Boulder          .           111.0000        +INF             .          
Wind .Denver.Denver           .           297.0000        +INF             .          
Wind .Denver.Golden           .            42.0000        +INF             .          
Wind .Denver.Boulder          .              .            +INF            0.5480      
Wind .Pueblo.Denver           .              .            +INF            1.1120      
Wind .Pueblo.Golden           .            70.0000        +INF             .          
Wind .Pueblo.Boulder          .              .            +INF            1.1840      
Wind .Weld  .Denver           .              .            +INF            0.8960      
Wind .Weld  .Golden           .            69.0000        +INF             .          
Wind .Weld  .Boulder          .           230.0000        +INF             .          

                           LOWER          LEVEL          UPPER         MARGINAL

---- VAR y                 -INF         3638.3760        +INF             .          

  y  total transmission cost


**** REPORT SUMMARY :        0     NONOPT
                             0 INFEASIBLE
                             0  UNBOUNDED
GAMS 28.2.0  r750fa45 Released Aug 19, 2019 DEX-DEG x86 64bit/Mac OS X - 11/11/19 08:43:11 Page 6
Colorado Model
E x e c u t i o n


----     66 VARIABLE x.L  type of energy and quantity of power transmitted in MWh

                  Denver      Golden     Boulder

Solar.Denver     180.000      17.000
Solar.Pueblo                  38.000
Solar.Weld                    66.000     218.000
Gas  .Denver     169.000       9.000
Gas  .Pueblo                 266.000
Gas  .Weld                    15.000     111.000
Wind .Denver     297.000      42.000
Wind .Pueblo                  70.000
Wind .Weld                    69.000     230.000


----     66 VARIABLE x.M  type of energy and quantity of power transmitted in MWh

                  Denver     Boulder

Solar.Denver                   0.548
Solar.Pueblo       1.112       1.184
Solar.Weld         0.896
Gas  .Denver                   0.548
Gas  .Pueblo       1.112       1.184
Gas  .Weld         0.896
Wind .Denver                   0.548
Wind .Pueblo       1.112       1.184
Wind .Weld         0.896


----     66 EQUATION demand.M  demand of energy e at market j

           Denver      Golden     Boulder

Solar       3.648       5.120       4.696
Gas         3.648       5.120       4.696
Wind        3.648       5.120       4.696



EXECUTION TIME       =        0.002 SECONDS      3 MB  28.2.0 r750fa45 DEX-DEG


USER: GAMS Development Corporation, USA              G871201/0000CA-ANY
      Free Demo, +1 202-342-0180, support@gams.com, www.gams.com DC0000


**** FILE SUMMARY

Input      /Users/stonecipherdr/Documents/GitHub/EBGN632_myModel/counterfactual.gms
Output     /Users/stonecipherdr/Documents/GitHub/EBGN632_myModel/counterfactual.lst
