GAMS 28.2.0  r750fa45 Released Aug 19, 2019 DEX-DEG x86 64bit/Mac OS X - 09/30/19 05:42:35 Page 1
G e n e r a l   A l g e b r a i c   M o d e l i n g   S y s t e m
C o m p i l a t i o n


   1  GAMS Model for the Colorado Solar Industry
****     $140  $36 $2  $7,140   $36
****   2  Identifier expected
****   7  '(' expected
****  36  '=' or '..' or ':=' or '$=' operator expected
****      rest of statement ignored
**** 140  Unknown symbol
   2   
   3  Set
****    $36,119,2,441,2,119,442,10,349
****   2  Identifier expected
****  10  ',' expected
****  36  '=' or '..' or ':=' or '$=' operator expected
****      rest of statement ignored
**** 119  Number (primary) expected
**** 349  Declaration not allowed inside a LOOP or IF statement
**** 441  Expected TO or DOWNTO. The general syntax of a FOR statement is
****        FOR ( i = start TO/DOWNTO end [BY increment] , statements )
**** 442  Expected a ',' or BY. The general syntax of a FOR statement is
****        FOR ( i = start TO/DOWNTO end [BY increment] , statements )
   4              i 'solar power farms' / denver, pueblo, weld /
   5              j 'markets'           / golden, boulder, denver / ;
   6   
   7  Parameter
****          $349
**** 349  Declaration not allowed inside a LOOP or IF statement
   8              a(i) 'capacity of plant i in cases in MW'
   9                                      / denver          8.3
  10                                        pueblo          120
  11                                        weld              16 /
  12   
  13              b(j) 'demand at market j in cases in MW'
  14                                      / golden          23
  15                                        boulder         50
  16                                        Denver          120 /
  17   
  18   
  19   Table d(i,j)  distance in miles
****       $349
**** 349  Declaration not allowed inside a LOOP or IF statement
  20               Denver    pueblo    weld
****                              $170    $170
**** 170  Domain violation for element
  21  Golden       36.8        128     65.6
****       $170
**** 170  Domain violation for element
  22   
  23   
  24  Boulder      39.9        147     55
****        $170
**** 170  Domain violation for element
  25   
  26   
  27  Denver        0          119     51.2
  28   
  29   
  30   
  31  Scalar f  transmission cost in cent per kWh  /0.06/ ;
****       $349
**** 349  Declaration not allowed inside a LOOP or IF statement
  32   
  33   
  34  Parameter c(i,j)  transmission cost in cents per mWh ;
****          $349
**** 349  Declaration not allowed inside a LOOP or IF statement
  35   
  36   
  37            c(i,j) = f * d(i,j) * 1000 ;
  38   
  39   
  40  Positive Variable x ;
****         $349
**** 349  Declaration not allowed inside a LOOP or IF statement
  41   
  42   
  43  Equations
****          $349
**** 349  Declaration not allowed inside a LOOP or IF statement
  44       cost        define objective function
  45       supply(i)    supply limit at plant i
  46       demand(j)   demand at market j ;
  47   
  48   
  49  cost ..        z =e= sum((i,j), c(i,j)*x(i,j)) ;
****     $169        $140
**** 140  Unknown symbol
**** 169  Equation definition within a LOOP or IF statement not allowed
  50   
  51   
  52  supply(i) ..   sum(j, x(i,j)) =l=  a(i) ;
****       $169
**** 169  Equation definition within a LOOP or IF statement not allowed
  53   
  54   
  55  demand(j) ..   sum(i, x(i,j)) =g=  b(j) ;
****       $169
**** 169  Equation definition within a LOOP or IF statement not allowed
  56   
  57   
  58  Model co_solar_transport /all/ ;
****      $349
**** 349  Declaration not allowed inside a LOOP or IF statement
  59   
  60   
  61  Solve transport using lp minimizing z ;
****                $140,241                $257
**** 140  Unknown symbol
**** 241  Model has not been defined
**** 257  Solve statement not checked because of previous errors
  62   
  63   
  64  Display x.l, x.m ;
****            $141
**** 141  Symbol declared but no values have been assigned. Check for missing
****         data definition, assignment, data loading or implicit assignment
****         via a solve statement.
****         A wild shot: You may have spurious commas in the explanatory
****         text of a declaration. Check symbol reference list.
****  $8,299  UNEXPECTED END OF FILE (1)

**** 36 ERROR(S)   0 WARNING(S)


COMPILATION TIME     =        0.010 SECONDS      3 MB  28.2.0 r750fa45 DEX-DEG


USER: GAMS Development Corporation, USA              G871201/0000CA-ANY
      Free Demo, +1 202-342-0180, support@gams.com, www.gams.com DC0000


**** FILE SUMMARY

Input      /Users/stonecipherdr/Documents/GAMSStudio/workspace/HW3.gms
Output     /Users/stonecipherdr/Documents/GAMSStudio/workspace/HW3.lst

**** USER ERROR(S) ENCOUNTERED
